{"parent":"minecraft:item/handheld","textures":{"layer0":"minecraft:item/damaged_tools/pickaxe/gold/damaged"}}